[
  {
    "short_name":"GTiff",
    "long_name":"GeoTIFF",
    "scopes":[
      "raster"
    ],
    "capabilities":[
      "open",
      "create",
      "create_copy",
      "update",
      "virtual_io"
    ],
    "file_extensions":[
      "tif",
      "tiff"
    ]
  },
  {
    "short_name":"COG",
    "long_name":"Cloud optimized GeoTIFF generator",
    "scopes":[
      "raster"
    ],
    "capabilities":[
      "create",
      "create_copy",
      "virtual_io"
    ],
    "file_extensions":[
      "tif",
      "tiff"
    ]
  },
  {
    "short_name":"VRT",
    "long_name":"Virtual Raster",
    "scopes":[
      "raster",
      "multidimensional_raster"
    ],
    "capabilities":[
      "open",
      "create",
      "create_copy",
      "update",
      "virtual_io"
    ],
    "file_extensions":[
      "vrt"
    ]
  },
  {
    "short_name":"MEM",
    "long_name":"In Memory raster, vector and multidimensional raster",
    "scopes":[
      "raster",
      "multidimensional_raster",
      "vector"
    ],
    "capabilities":[
      "open",
      "create"
    ]
  },
  {
    "short_name":"GNMFile",
    "long_name":"Geographic Network generic file based model",
    "scopes":[
    ],
    "capabilities":[
      "open",
      "create"
    ]
  },
  {
    "short_name":"GNMDatabase",
    "long_name":"Geographic Network generic DB based model",
    "scopes":[
    ],
    "capabilities":[
      "open",
      "create"
    ]
  },
  {
    "short_name":"ESRI Shapefile",
    "long_name":"ESRI Shapefile",
    "scopes":[
      "vector"
    ],
    "capabilities":[
      "open",
      "create",
      "update",
      "virtual_io"
    ],
    "file_extensions":[
      "shp",
      "dbf",
      "shz",
      "shp.zip"
    ]
  },
  {
    "short_name":"GeoJSON",
    "long_name":"GeoJSON",
    "scopes":[
      "vector"
    ],
    "capabilities":[
      "open",
      "create",
      "update",
      "virtual_io"
    ],
    "file_extensions":[
      "json",
      "geojson"
    ]
  },
  {
    "short_name":"GeoJSONSeq",
    "long_name":"GeoJSON Sequence",
    "scopes":[
      "vector"
    ],
    "capabilities":[
      "open",
      "create",
      "virtual_io"
    ],
    "file_extensions":[
      "geojsonl",
      "geojsons"
    ]
  },
  {
    "short_name":"ESRIJSON",
    "long_name":"ESRIJSON",
    "scopes":[
      "vector"
    ],
    "capabilities":[
      "open",
      "virtual_io"
    ],
    "file_extensions":[
      "json"
    ]
  },
  {
    "short_name":"TopoJSON",
    "long_name":"TopoJSON",
    "scopes":[
      "vector"
    ],
    "capabilities":[
      "open",
      "virtual_io"
    ],
    "file_extensions":[
      "json",
      "topojson"
    ]
  }
]