Usage: calc [OPTIONS] <INPUTS>...

Perform raster algebra

Positional arguments:
  -i, --input <INPUTS>                                     Input raster datasets [1.. values] [required]

Common Options:
  -h, --help                                               Display help message and exit
  --json-usage                                             Display usage as JSON document and exit
  --config <KEY>=<VALUE>                                   Configuration option [may be repeated]

Options:
  --ot, --datatype, --output-data-type <OUTPUT-DATA-TYPE>  Output data type. OUTPUT-DATA-TYPE=UInt8|Int8|UInt16|Int16|UInt32|Int32|UInt64|Int64|CInt16|CInt32|Float16|Float32|Float64|CFloat32|CFloat64
  --no-check-crs                                           Do not check consistency of input coordinate reference systems
  --no-check-extent                                        Do not check consistency of input extents
  --propagate-nodata                                       Whether to set pixels to the output NoData value if any of the input pixels is NoData
  --calc <CALC>                                            Expression(s) to evaluate [1.. values] [required]
  --dialect <DIALECT>                                      Expression dialect. DIALECT=muparser|builtin (default: muparser)
  --flatten                                                Generate a single band output raster per expression, even if input datasets are multiband
  --nodata <NODATA>                                        Assign a specified nodata value to output bands ('none', numeric value, 'nan', 'inf', '-inf')

Advanced Options:
  --if, --input-format <INPUT-FORMAT>                      Input formats [may be repeated]
  --oo, --open-option <KEY>=<VALUE>                        Open options [may be repeated]

For more details, consult https://gdal.org/programs/gdal_raster_calc.html
