Usage: reproject [OPTIONS]

Reproject a raster dataset.

Common Options:
  -h, --help                                 Display help message and exit
  --json-usage                               Display usage as JSON document and exit
  --config <KEY>=<VALUE>                     Configuration option [may be repeated]

Options:
  -s, --src-crs <SRC-CRS>                    Source CRS
  --like <DATASET>                           Dataset to use as a template for target bounds, CRS, size and nodata
  -d, --dst-crs <DST-CRS>                    Destination CRS
  -r, --resampling <RESAMPLING>              Resampling method. RESAMPLING=nearest|bilinear|cubic|cubicspline|lanczos|average|rms|mode|min|max|med|q1|q3|sum (default: nearest)
  --resolution <xres>,<yres>                 Target resolution (in destination CRS units)
                                             Mutually exclusive with --size
  --size <width>,<height>                    Target size in pixels
                                             Mutually exclusive with --resolution
  --bbox <BBOX>                              Target bounding box (in destination CRS units)
  --bbox-crs <BBOX-CRS>                      CRS of target bounding box
  -j, --num-threads <NUM-THREADS>            Number of jobs (or ALL_CPUS) (default: ALL_CPUS)

Advanced Options:
  --target-aligned-pixels                    Round target extent to target resolution
  --src-nodata <SRC-NODATA>                  Set nodata values for input bands ('None' to unset). [1.. values]
  --dst-nodata <DST-NODATA>                  Set nodata values for output bands ('None' to unset). [1.. values]
  --add-alpha                                Adds an alpha mask band to the destination when the source raster have none.
  --wo, --warp-option <NAME>=<VALUE>         Warping option(s) [may be repeated]
  --to, --transform-option <NAME>=<VALUE>    Transform option(s) [may be repeated]
  --et, --error-threshold <ERROR-THRESHOLD>  Error threshold

For more details, consult https://gdal.org/programs/gdal_raster_reproject.html
