Usage: contour [OPTIONS]

Creates a vector contour from a raster elevation model (DEM).

Common Options:
  -h, --help                                 Display help message and exit
  --json-usage                               Display usage as JSON document and exit
  --config <KEY>=<VALUE>                     Configuration option [may be repeated]
  -q, --quiet                                Quiet mode (no progress bar or warning message)

Options:
  --output-layer <OUTPUT-LAYER>              Output layer name
  -b, --band <BAND>                          Input band (1-based index) (default: 1)
  --elevation-name <ELEVATION-NAME>          Name of the elevation field
  --min-name <MIN-NAME>                      Name of the minimum elevation field
  --max-name <MAX-NAME>                      Name of the maximum elevation field
  --3d                                       Force production of 3D vectors instead of 2D
  --src-nodata <SRC-NODATA>                  Input pixel value to treat as 'nodata'
  --interval <INTERVAL>                      Elevation interval between contours
                                             Mutually exclusive with --levels, --exp-base
  --levels <LEVELS>                          List of contour levels [may be repeated]
                                             Mutually exclusive with --interval, --exp-base
  -e, --exp-base <EXP-BASE>                  Base for exponential contour level generation
                                             Mutually exclusive with --interval, --levels
  --off, --offset <OFFSET>                   Offset to apply to contour levels
  -p, --polygonize                           Create polygons instead of lines
  --group-transactions <GROUP-TRANSACTIONS>  Group n features per transaction (default 100 000)

For more details, consult https://gdal.org/programs/gdal_raster_contour.html
