Usage: create [OPTIONS]

Create a new raster dataset.

Common Options:
  -h, --help                                               Display help message and exit
  --json-usage                                             Display usage as JSON document and exit
  --config <KEY>=<VALUE>                                   Configuration option [may be repeated]

Options:
  -i, --like, --input <INPUT>                              Input raster datasets
  --size <width>,<height>                                  Output size in pixels
  --band-count <BAND-COUNT>                                Number of bands (default: 1)
  --ot, --datatype, --output-data-type <OUTPUT-DATA-TYPE>  Output data type. OUTPUT-DATA-TYPE=UInt8|Int8|UInt16|Int16|UInt32|Int32|UInt64|Int64|CInt16|CInt32|Float16|Float32|Float64|CFloat32|CFloat64 (default: Byte)
  --nodata <NODATA>                                        Assign a specified nodata value to output bands ('none', numeric value, 'nan', 'inf', '-inf')
  --burn <BURN>                                            Burn value [may be repeated]
  --crs <CRS>                                              Set CRS
  --bbox <BBOX>                                            Bounding box as xmin,ymin,xmax,ymax
  --metadata <KEY>=<VALUE>                                 Add metadata item [may be repeated]
  --copy-metadata                                          Copy metadata from input dataset
  --copy-overviews                                         Create same overview levels as input dataset

Advanced Options:
  --if, --input-format <INPUT-FORMAT>                      Input formats [may be repeated]
  --oo, --open-option <KEY>=<VALUE>                        Open options [may be repeated]

For more details, consult https://gdal.org/programs/gdal_raster_create.html
