Usage: clip [OPTIONS]

Clip a vector dataset.

Common Options:
  -h, --help                       Display help message and exit
  --json-usage                     Display usage as JSON document and exit
  --config <KEY>=<VALUE>           Configuration option [may be repeated]

Options:
  --active-layer <ACTIVE-LAYER>    Set active layer (if not specified, all)
  --bbox <BBOX>                    Clipping bounding box as xmin,ymin,xmax,ymax
                                   Mutually exclusive with --geometry, --like
  --bbox-crs <BBOX-CRS>            CRS of clipping bounding box
  --geometry <GEOMETRY>            Clipping geometry (WKT or GeoJSON)
                                   Mutually exclusive with --bbox, --like
  --geometry-crs <GEOMETRY-CRS>    CRS of clipping geometry
  --like <DATASET>                 Dataset to use as a template for bounds
                                   Mutually exclusive with --bbox, --geometry
  --like-sql <SELECT-STATEMENT>    SELECT statement to run on the 'like' dataset
                                   Mutually exclusive with --like-where
  --like-layer <LAYER-NAME>        Name of the layer of the 'like' dataset
  --like-where <WHERE-EXPRESSION>  WHERE SQL clause to run on the 'like' dataset
                                   Mutually exclusive with --like-sql

For more details, consult https://gdal.org/programs/gdal_vector_clip.html
