Usage: info [OPTIONS]

Return information on a vector dataset.

Positional arguments:

Common Options:
  -h, --help                                           Display help message and exit
  --json-usage                                         Display usage as JSON document and exit
  --config <KEY>=<VALUE>                               Configuration option [may be repeated]

Options:
  -f, --of, --format, --output-format <OUTPUT-FORMAT>  Output format. OUTPUT-FORMAT=json|text
  -l, --layer, --input-layer <INPUT-LAYER>             Input layer name [may be repeated]
                                                       Mutually exclusive with --sql, --fid
  --features                                           List all features (beware of RAM consumption on large layers)
                                                       Mutually exclusive with --summary
  --summary                                            List the layer names and the geometry type
                                                       Mutually exclusive with --features
  --limit <FEATURE-COUNT>                              Limit the number of features per layer (implies --features)
  --sql <statement>|@<filename>                        Execute the indicated SQL statement and return the result
                                                       Mutually exclusive with --input-layer, --fid
  --where <WHERE>|@<filename>                          Attribute query in a restricted form of the queries used in the SQL WHERE statement
  --fid <FID>                                          Feature identifier
                                                       Mutually exclusive with --input-layer, --sql
  --dialect <DIALECT>                                  SQL dialect

Esoteric Options:
  --crs-format <CRS-FORMAT>                            Which format to use to report CRS. CRS-FORMAT=AUTO|WKT2|PROJJSON (default: AUTO)

For more details, consult https://gdal.org/programs/gdal_vector_info.html
