Usage: write [OPTIONS] <OUTPUT>

Write a vector dataset.

Positional arguments:
  -o, --output <OUTPUT>                                Output vector dataset [required]

Common Options:
  -h, --help                                           Display help message and exit
  --json-usage                                         Display usage as JSON document and exit
  --config <KEY>=<VALUE>                               Configuration option [may be repeated]
  -q, --quiet                                          Quiet mode (suppress warning messages)

Options:
  -f, --of, --format, --output-format <OUTPUT-FORMAT>  Output format ("GDALG" allowed)
  --co, --creation-option <KEY>=<VALUE>                Creation option [may be repeated]
  --lco, --layer-creation-option <KEY>=<VALUE>         Layer creation option [may be repeated]
  --overwrite                                          Whether overwriting existing output dataset is allowed
  --update                                             Whether to open existing dataset in update mode
  --overwrite-layer                                    Whether overwriting existing output layer is allowed
  --append                                             Whether appending to existing layer is allowed
                                                       Mutually exclusive with --upsert
  -l, --output-layer <OUTPUT-LAYER>                    Output layer name
  --skip-errors                                        Skip errors when writing features
  --no-create-empty-layers                             Avoid creating layers to which no features will be written

Advanced Options:
  --output-oo, --output-open-option <KEY>=<VALUE>      Output open options [may be repeated]
  --upsert                                             Upsert features (implies 'append')
                                                       Mutually exclusive with --append

For more details, consult https://gdal.org/programs/gdal_vector_pipeline.html
